Archive member included to satisfy reference by file (symbol)

e:/program files (x86)/gnu tools arm embedded/5.4 2016q2/bin/../lib/gcc/arm-none-eabi/5.4.1/../../../../arm-none-eabi/lib/armv7e-m\libg.a(lib_a-sprintf.o)
                              ..\obj\deskchan.o (sprintf)
e:/program files (x86)/gnu tools arm embedded/5.4 2016q2/bin/../lib/gcc/arm-none-eabi/5.4.1/../../../../arm-none-eabi/lib/armv7e-m\libg.a(lib_a-svfprintf.o)
                              e:/program files (x86)/gnu tools arm embedded/5.4 2016q2/bin/../lib/gcc/arm-none-eabi/5.4.1/../../../../arm-none-eabi/lib/armv7e-m\libg.a(lib_a-sprintf.o) (_svfprintf_r)
e:/program files (x86)/gnu tools arm embedded/5.4 2016q2/bin/../lib/gcc/arm-none-eabi/5.4.1/../../../../arm-none-eabi/lib/armv7e-m\libg.a(lib_a-dtoa.o)
                              e:/program files (x86)/gnu tools arm embedded/5.4 2016q2/bin/../lib/gcc/arm-none-eabi/5.4.1/../../../../arm-none-eabi/lib/armv7e-m\libg.a(lib_a-svfprintf.o) (_dtoa_r)
e:/program files (x86)/gnu tools arm embedded/5.4 2016q2/bin/../lib/gcc/arm-none-eabi/5.4.1/../../../../arm-none-eabi/lib/armv7e-m\libg.a(lib_a-impure.o)
                              e:/program files (x86)/gnu tools arm embedded/5.4 2016q2/bin/../lib/gcc/arm-none-eabi/5.4.1/../../../../arm-none-eabi/lib/armv7e-m\libg.a(lib_a-sprintf.o) (_impure_ptr)
e:/program files (x86)/gnu tools arm embedded/5.4 2016q2/bin/../lib/gcc/arm-none-eabi/5.4.1/../../../../arm-none-eabi/lib/armv7e-m\libg.a(lib_a-locale.o)
                              e:/program files (x86)/gnu tools arm embedded/5.4 2016q2/bin/../lib/gcc/arm-none-eabi/5.4.1/../../../../arm-none-eabi/lib/armv7e-m\libg.a(lib_a-svfprintf.o) (_localeconv_r)
e:/program files (x86)/gnu tools arm embedded/5.4 2016q2/bin/../lib/gcc/arm-none-eabi/5.4.1/../../../../arm-none-eabi/lib/armv7e-m\libg.a(lib_a-mallocr.o)
                              e:/program files (x86)/gnu tools arm embedded/5.4 2016q2/bin/../lib/gcc/arm-none-eabi/5.4.1/../../../../arm-none-eabi/lib/armv7e-m\libg.a(lib_a-svfprintf.o) (_malloc_r)
e:/program files (x86)/gnu tools arm embedded/5.4 2016q2/bin/../lib/gcc/arm-none-eabi/5.4.1/../../../../arm-none-eabi/lib/armv7e-m\libg.a(lib_a-memchr.o)
                              e:/program files (x86)/gnu tools arm embedded/5.4 2016q2/bin/../lib/gcc/arm-none-eabi/5.4.1/../../../../arm-none-eabi/lib/armv7e-m\libg.a(lib_a-svfprintf.o) (memchr)
e:/program files (x86)/gnu tools arm embedded/5.4 2016q2/bin/../lib/gcc/arm-none-eabi/5.4.1/../../../../arm-none-eabi/lib/armv7e-m\libg.a(lib_a-memcpy.o)
                              e:/program files (x86)/gnu tools arm embedded/5.4 2016q2/bin/../lib/gcc/arm-none-eabi/5.4.1/../../../../arm-none-eabi/lib/armv7e-m\libg.a(lib_a-dtoa.o) (memcpy)
e:/program files (x86)/gnu tools arm embedded/5.4 2016q2/bin/../lib/gcc/arm-none-eabi/5.4.1/../../../../arm-none-eabi/lib/armv7e-m\libg.a(lib_a-mlock.o)
                              e:/program files (x86)/gnu tools arm embedded/5.4 2016q2/bin/../lib/gcc/arm-none-eabi/5.4.1/../../../../arm-none-eabi/lib/armv7e-m\libg.a(lib_a-mallocr.o) (__malloc_lock)
e:/program files (x86)/gnu tools arm embedded/5.4 2016q2/bin/../lib/gcc/arm-none-eabi/5.4.1/../../../../arm-none-eabi/lib/armv7e-m\libg.a(lib_a-mprec.o)
                              e:/program files (x86)/gnu tools arm embedded/5.4 2016q2/bin/../lib/gcc/arm-none-eabi/5.4.1/../../../../arm-none-eabi/lib/armv7e-m\libg.a(lib_a-dtoa.o) (_Balloc)
e:/program files (x86)/gnu tools arm embedded/5.4 2016q2/bin/../lib/gcc/arm-none-eabi/5.4.1/../../../../arm-none-eabi/lib/armv7e-m\libg.a(lib_a-sbrkr.o)
                              e:/program files (x86)/gnu tools arm embedded/5.4 2016q2/bin/../lib/gcc/arm-none-eabi/5.4.1/../../../../arm-none-eabi/lib/armv7e-m\libg.a(lib_a-mallocr.o) (_sbrk_r)
e:/program files (x86)/gnu tools arm embedded/5.4 2016q2/bin/../lib/gcc/arm-none-eabi/5.4.1/../../../../arm-none-eabi/lib/armv7e-m\libg.a(lib_a-strcmp.o)
                              e:/program files (x86)/gnu tools arm embedded/5.4 2016q2/bin/../lib/gcc/arm-none-eabi/5.4.1/../../../../arm-none-eabi/lib/armv7e-m\libg.a(lib_a-locale.o) (strcmp)
e:/program files (x86)/gnu tools arm embedded/5.4 2016q2/bin/../lib/gcc/arm-none-eabi/5.4.1/../../../../arm-none-eabi/lib/armv7e-m\libg.a(lib_a-strlen.o)
                              e:/program files (x86)/gnu tools arm embedded/5.4 2016q2/bin/../lib/gcc/arm-none-eabi/5.4.1/../../../../arm-none-eabi/lib/armv7e-m\libg.a(lib_a-svfprintf.o) (strlen)
e:/program files (x86)/gnu tools arm embedded/5.4 2016q2/bin/../lib/gcc/arm-none-eabi/5.4.1/../../../../arm-none-eabi/lib/armv7e-m\libg.a(lib_a-svfiprintf.o)
                              e:/program files (x86)/gnu tools arm embedded/5.4 2016q2/bin/../lib/gcc/arm-none-eabi/5.4.1/../../../../arm-none-eabi/lib/armv7e-m\libg.a(lib_a-svfprintf.o) (__ssprint_r)
[...]
Memory Configuration

Name             Origin             Length             Attributes
rom              0x08000000         0x00100000         xr
ram              0x20000000         0x00020000         xrw
ram1             0x10000000         0x00010000         xrw
*default*        0x00000000         0xffffffff

Linker script and memory map

                0x20020000                _eram = 0x20020000

.text           0x08000000     0x2578
 *(.isr_vector)
 .isr_vector    0x08000000      0x188 ..\obj\startup_stm32f4xx.o
                0x08000000                g_pfnVectors
 *(.text*)
 .text.playTennis
                0x08000188      0x278 ..\obj\tennis.o
                0x08000188                playTennis
 .text.Default_Reset_Handler
                0x08000400       0x5c ..\obj\startup_stm32f4xx.o
                0x08000400                Default_Reset_Handler
                0x08000400                Reset_Handler
 .text.Default_Handler
                0x0800045c        0x8 ..\obj\startup_stm32f4xx.o
                0x0800045c                RTC_Alarm_IRQHandler
                0x0800045c                HASH_RNG_IRQHandler
                0x0800045c                EXTI2_IRQHandler
                0x0800045c                TIM8_CC_IRQHandler
                0x0800045c                DebugMon_Handler
                0x0800045c                DMA2_Stream5_IRQHandler
                0x0800045c                HardFault_Handler
                0x0800045c                DMA1_Stream5_IRQHandler
                0x0800045c                SysTick_Handler
                0x0800045c                PVD_IRQHandler
                0x0800045c                SDIO_IRQHandler
                0x0800045c                TAMP_STAMP_IRQHandler
                0x0800045c                PendSV_Handler
                0x0800045c                NMI_Handler
                0x0800045c                CAN2_RX1_IRQHandler
                0x0800045c                EXTI3_IRQHandler
                0x0800045c                TIM8_TRG_COM_TIM14_IRQHandler
                0x0800045c                TIM1_UP_TIM10_IRQHandler
                0x0800045c                TIM8_UP_TIM13_IRQHandler
                0x0800045c                I2C3_ER_IRQHandler
                0x0800045c                EXTI0_IRQHandler
                0x0800045c                I2C2_EV_IRQHandler
                0x0800045c                DMA1_Stream2_IRQHandler
                0x0800045c                CAN1_RX0_IRQHandler
                0x0800045c                FPU_IRQHandler
                0x0800045c                OTG_HS_WKUP_IRQHandler
                0x0800045c                UsageFault_Handler
                0x0800045c                CAN2_SCE_IRQHandler
                0x0800045c                DMA2_Stream2_IRQHandler
                0x0800045c                SPI1_IRQHandler
                0x0800045c                TIM6_DAC_IRQHandler
                0x0800045c                TIM1_BRK_TIM9_IRQHandler
                0x0800045c                DCMI_IRQHandler
                0x0800045c                CAN2_RX0_IRQHandler
                0x0800045c                USART6_IRQHandler
                0x0800045c                USART3_IRQHandler
                0x0800045c                CRYP_IRQHandler
                0x0800045c                CAN1_RX1_IRQHandler
                0x0800045c                UART5_IRQHandler
                0x0800045c                DMA2_Stream0_IRQHandler
                0x0800045c                TIM4_IRQHandler
                0x0800045c                I2C1_EV_IRQHandler
                0x0800045c                DMA1_Stream6_IRQHandler
                0x0800045c                DMA1_Stream1_IRQHandler
                0x0800045c                UART4_IRQHandler
                0x0800045c                TIM3_IRQHandler
                0x0800045c                RCC_IRQHandler
                0x0800045c                TIM8_BRK_TIM12_IRQHandler
                0x0800045c                EXTI15_10_IRQHandler
                0x0800045c                ADC_IRQHandler
                0x0800045c                DMA1_Stream7_IRQHandler
                0x0800045c                TIM7_IRQHandler
                0x0800045c                CAN2_TX_IRQHandler
                0x0800045c                TIM5_IRQHandler
                0x0800045c                DMA2_Stream7_IRQHandler
                0x0800045c                I2C3_EV_IRQHandler
                0x0800045c                EXTI9_5_IRQHandler
                0x0800045c                RTC_WKUP_IRQHandler
                0x0800045c                ETH_WKUP_IRQHandler
                0x0800045c                SPI2_IRQHandler
                0x0800045c                OTG_HS_EP1_IN_IRQHandler
                0x0800045c                MemManage_Handler
                0x0800045c                DMA1_Stream0_IRQHandler
                0x0800045c                CAN1_TX_IRQHandler
                0x0800045c                SVC_Handler
                0x0800045c                EXTI4_IRQHandler
                0x0800045c                FSMC_IRQHandler
                0x0800045c                ETH_IRQHandler
                0x0800045c                OTG_HS_EP1_OUT_IRQHandler
                0x0800045c                WWDG_IRQHandler
                0x0800045c                OTG_FS_WKUP_IRQHandler
                0x0800045c                TIM1_TRG_COM_TIM11_IRQHandler
                0x0800045c                OTG_HS_IRQHandler
                0x0800045c                EXTI1_IRQHandler
                0x0800045c                USART2_IRQHandler
                0x0800045c                I2C2_ER_IRQHandler
                0x0800045c                DMA2_Stream1_IRQHandler
                0x0800045c                CAN1_SCE_IRQHandler
                0x0800045c                FLASH_IRQHandler
                0x0800045c                DMA2_Stream4_IRQHandler
                0x0800045c                BusFault_Handler
                0x0800045c                USART1_IRQHandler
                0x0800045c                OTG_FS_IRQHandler
                0x0800045c                SPI3_IRQHandler
                0x0800045c                DMA1_Stream4_IRQHandler
                0x0800045c                I2C1_ER_IRQHandler
                0x0800045c                DMA2_Stream6_IRQHandler
                0x0800045c                DMA1_Stream3_IRQHandler
 .text.sysDelayMs
                0x08000464       0x30 ..\obj\sys.o
                0x08000464                sysDelayMs
 .text.RCC_Configuration
                0x08000494       0x30 ..\obj\main.o
                0x08000494                RCC_Configuration
 .text.GPIO_Configuration
                0x080004c4        0xc ..\obj\main.o
                0x080004c4                GPIO_Configuration
 .text.main     0x080004d0       0x2c ..\obj\main.o
                0x080004d0                main
 .text.RCC_AHB1PeriphClockCmd
                0x080004fc       0x3c ..\obj\stm32f4xx_rcc.o
                0x080004fc                RCC_AHB1PeriphClockCmd
 .text.RCC_APB1PeriphClockCmd
                0x08000538       0x3c ..\obj\stm32f4xx_rcc.o
                0x08000538                RCC_APB1PeriphClockCmd
 .text.RCC_APB2PeriphClockCmd
                0x08000574       0x3c ..\obj\stm32f4xx_rcc.o
                0x08000574                RCC_APB2PeriphClockCmd
 .text.RCC_APB1PeriphResetCmd
                0x080005b0       0x3c ..\obj\stm32f4xx_rcc.o
                0x080005b0                RCC_APB1PeriphResetCmd
 .text.RCC_APB2PeriphResetCmd
                0x080005ec       0x3c ..\obj\stm32f4xx_rcc.o
                0x080005ec                RCC_APB2PeriphResetCmd
 .text.GPIO_Init
                0x08000628      0x11c ..\obj\stm32f4xx_gpio.o
                0x08000628                GPIO_Init
 .text.GPIO_ReadInputDataBit
                0x08000744       0x34 ..\obj\stm32f4xx_gpio.o
                0x08000744                GPIO_ReadInputDataBit
 .text.GPIO_SetBits
                0x08000778       0x1c ..\obj\stm32f4xx_gpio.o
                0x08000778                GPIO_SetBits
 .text.GPIO_ResetBits
                0x08000794       0x1c ..\obj\stm32f4xx_gpio.o
                0x08000794                GPIO_ResetBits
 .text.GPIO_PinAFConfig
                0x080007b0       0x90 ..\obj\stm32f4xx_gpio.o
                0x080007b0                GPIO_PinAFConfig
 .text.SystemInit
                0x08000840       0x5c ..\obj\system_stm32f4xx.o
                0x08000840                SystemInit
 .text.SetSysClock
                0x0800089c       0xf4 ..\obj\system_stm32f4xx.o
 .text.DMA_DeInit
                0x08000990      0x1a4 ..\obj\stm32f4xx_dma.o
                0x08000990                DMA_DeInit
 .text.DMA_Init
                0x08000b34       0xac ..\obj\stm32f4xx_dma.o
                0x08000b34                DMA_Init
 .text.DMA_StructInit
                0x08000be0       0x6c ..\obj\stm32f4xx_dma.o
                0x08000be0                DMA_StructInit
 .text.DMA_ITConfig
                0x08000c4c       0x74 ..\obj\stm32f4xx_dma.o
                0x08000c4c                DMA_ITConfig
 .text.SPI_I2S_DeInit
                0x08000cc0       0x74 ..\obj\stm32f4xx_spi.o
                0x08000cc0                SPI_I2S_DeInit
 .text.SPI_Init
                0x08000d34       0x88 ..\obj\stm32f4xx_spi.o
                0x08000d34                SPI_Init
 .text.SPI_StructInit
                0x08000dbc       0x48 ..\obj\stm32f4xx_spi.o
                0x08000dbc                SPI_StructInit
 .text.SPI_Cmd  0x08000e04       0x40 ..\obj\stm32f4xx_spi.o
                0x08000e04                SPI_Cmd
 .text.SPI_CalculateCRC
                0x08000e44       0x40 ..\obj\stm32f4xx_spi.o
                0x08000e44                SPI_CalculateCRC
 .text.SPI_I2S_DMACmd
                0x08000e84       0x48 ..\obj\stm32f4xx_spi.o
                0x08000e84                SPI_I2S_DMACmd
 .text.strLen   0x08000ecc       0x30 ..\obj\gdi.o
                0x08000ecc                strLen
 .text.gdiBitBlt
                0x08000efc      0x260 ..\obj\gdi.o
                0x08000efc                gdiBitBlt
 .text.gdiPoint
                0x0800115c       0xf0 ..\obj\gdi.o
                0x0800115c                gdiPoint
 .text.gdiLine  0x0800124c      0x1b8 ..\obj\gdi.o
                0x0800124c                gdiLine
 .text.gdiDrawTextEx
                0x08001404       0x9c ..\obj\gdi.o
                0x08001404                gdiDrawTextEx
 .text.NVIC_Init
                0x080014a0       0xc0 ..\obj\misc.o
                0x080014a0                NVIC_Init
 .text.TIM_TimeBaseInit
                0x08001560       0xd4 ..\obj\stm32f4xx_tim.o
                0x08001560                TIM_TimeBaseInit
 .text.TIM_ARRPreloadConfig
                0x08001634       0x40 ..\obj\stm32f4xx_tim.o
                0x08001634                TIM_ARRPreloadConfig
 .text.TIM_Cmd  0x08001674       0x40 ..\obj\stm32f4xx_tim.o
                0x08001674                TIM_Cmd
 .text.TIM_OC1Init
                0x080016b4       0xf4 ..\obj\stm32f4xx_tim.o
                0x080016b4                TIM_OC1Init
 .text.TIM_OC2Init
                0x080017a8      0x110 ..\obj\stm32f4xx_tim.o
                0x080017a8                TIM_OC2Init
 .text.TIM_OC3Init
                0x080018b8      0x10c ..\obj\stm32f4xx_tim.o
                0x080018b8                TIM_OC3Init
 .text.TIM_OCStructInit
                0x080019c4       0x44 ..\obj\stm32f4xx_tim.o
                0x080019c4                TIM_OCStructInit
 .text.TIM_OC1PreloadConfig
                0x08001a08       0x38 ..\obj\stm32f4xx_tim.o
                0x08001a08                TIM_OC1PreloadConfig
 .text.TIM_OC2PreloadConfig
                0x08001a40       0x3c ..\obj\stm32f4xx_tim.o
                0x08001a40                TIM_OC2PreloadConfig
 .text.TIM_CtrlPWMOutputs
                0x08001a7c       0x4c ..\obj\stm32f4xx_tim.o
                0x08001a7c                TIM_CtrlPWMOutputs
 .text.TIM_ITConfig
                0x08001ac8       0x48 ..\obj\stm32f4xx_tim.o
                0x08001ac8                TIM_ITConfig
 .text.TIM_SelectInputTrigger
                0x08001b10       0x38 ..\obj\stm32f4xx_tim.o
                0x08001b10                TIM_SelectInputTrigger
 .text.TIM_SelectOutputTrigger
                0x08001b48       0x38 ..\obj\stm32f4xx_tim.o
                0x08001b48                TIM_SelectOutputTrigger
 .text.TIM_SelectSlaveMode
                0x08001b80       0x38 ..\obj\stm32f4xx_tim.o
                0x08001b80                TIM_SelectSlaveMode
 .text.TIM_SelectMasterSlaveMode
                0x08001bb8       0x38 ..\obj\stm32f4xx_tim.o
                0x08001bb8                TIM_SelectMasterSlaveMode
 .text.TIMER_Configuration
                0x08001bf0      0x26c ..\obj\video.o
                0x08001bf0                TIMER_Configuration
 .text.SPI_Configuration
                0x08001e5c      0x178 ..\obj\video.o
                0x08001e5c                SPI_Configuration
 .text.TIM1_CC_IRQHandler
                0x08001fd4       0x3c ..\obj\video.o
                0x08001fd4                TIM1_CC_IRQHandler
 .text.TIM2_IRQHandler
                0x08002010       0x2c ..\obj\video.o
                0x08002010                TIM2_IRQHandler
 .text.DMA2_Stream3_IRQHandler
                0x0800203c       0x98 ..\obj\video.o
                0x0800203c                DMA2_Stream3_IRQHandler
 .text.vidClearColumn
                0x080020d4       0x74 ..\obj\video.o
                0x080020d4                vidClearColumn
 .text.vidClearScreen
                0x08002148       0x50 ..\obj\video.o
                0x08002148                vidClearScreen
 .text.vidInit  0x08002198       0x48 ..\obj\video.o
                0x08002198                vidInit
 *(.init)
 *(.fini)
 *crtbegin.o(.ctors)
 *crtbegin?.o(.ctors)
 *(EXCLUDE_FILE(*crtend.o *crtend?.o) .ctors)
 *(SORT(.ctors.*))
 *(.ctors)
 *crtbegin.o(.dtors)
 *crtbegin?.o(.dtors)
 *(EXCLUDE_FILE(*crtend.o *crtend?.o) .dtors)
 *(SORT(.dtors.*))
 *(.dtors)
 *(.rodata*)
 .rodata        0x080021e0       0x37 ..\obj\tennis.o
                0x080021e0                ball
 *fill*         0x08002217        0x1 
 .rodata        0x08002218      0x360 ..\obj\font5x7.o
                0x08002218                gdiSystemFont
 *(.eh_fram e*)

.glue_7         0x08002578        0x0
 .glue_7        0x08002578        0x0 linker stubs

.glue_7t        0x08002578        0x0
 .glue_7t       0x08002578        0x0 linker stubs

.vfp11_veneer   0x08002578        0x0
 .vfp11_veneer  0x08002578        0x0 linker stubs

.v4_bx          0x08002578        0x0
 .v4_bx         0x08002578        0x0 linker stubs

.iplt           0x08002578        0x0
 .iplt          0x08002578        0x0 ..\obj\stm32f4xx_syscfg.o

.rel.dyn        0x08002578        0x0
 .rel.iplt      0x08002578        0x0 ..\obj\stm32f4xx_syscfg.o

.ARM.extab
 *(.ARM.extab* .gnu.linkonce.armextab.*)
                0x08002578                __exidx_start = .

.ARM.exidx
 *(.ARM.exidx* .gnu.linkonce.armexidx.*)
                0x08002578                __exidx_end = .
                0x08002578                __etext = .
                0x08002578                _sidata = __etext

.data           0x20000000       0x14 load address 0x08002578
                0x20000000                __data_start__ = .
                0x20000000                _sdata = __data_start__
 *(vtable)
 *(.data*)
 .data          0x20000000       0x14 ..\obj\system_stm32f4xx.o
                0x20000000                SystemCoreClock
                0x20000004                AHBPrescTable
                0x20000014                . = ALIGN (0x4)
                [!provide]                PROVIDE (__preinit_array_start, .)
 *(.preinit_array)
                [!provide]                PROVIDE (__preinit_array_end, .)
                0x20000014                . = ALIGN (0x4)
                [!provide]                PROVIDE (__init_array_start, .)
 *(SORT(.init_array.*))
 *(.init_array)
                [!provide]                PROVIDE (__init_array_end, .)
                0x20000014                . = ALIGN (0x4)
                [!provide]                PROVIDE (__fini_array_start, .)
 *(SORT(.fini_array.*))
 *(.fini_array)
                [!provide]                PROVIDE (__fini_array_end, .)
 *(.jcr*)
                0x20000014                . = ALIGN (0x4)
                0x20000014                __data_end__ = .
                0x20000014                _edata = __data_end__

.igot.plt       0x20000014        0x0 load address 0x0800258c
 .igot.plt      0x20000014        0x0 ..\obj\stm32f4xx_syscfg.o

.bss            0x20000020     0xef30 load address 0x080025a0
                0x20000020                . = ALIGN (0x4)
                0x20000020                __bss_start__ = .
                0x20000020                _sbss = __bss_start__
 *(.bss*)
 .bss           0x20000020        0xc ..\obj\video.o
 *(COMMON)
 *fill*         0x2000002c       0x14 
 COMMON         0x20000040     0xef10 ..\obj\video.o
                0x20000040                fb
                0x2000ef50                . = ALIGN (0x4)
                0x2000ef50                __bss_end__ = .
                0x2000ef50                _ebss = __bss_end__

.heap           0x2000ef50        0x0
                0x2000ef50                __end__ = .
                0x2000ef50                _end = __end__
                0x2000ef50                end = __end__
 *(.heap*)
                0x2000ef50                __HeapLimit = .

.co_stack       0x2000ef50      0x800 load address 0x080114d0
                0x2000ef50                . = ALIGN (0x8)
 *(.co_stack .co_stack.*)
 .co_stack      0x2000ef50      0x800 ..\obj\startup_stm32f4xx.o
                0x2000ef50                pulStack
                0x20020000                __StackTop = (ORIGIN (ram) + LENGTH (ram))
                0x2001f800                __StackLimit = (__StackTop - SIZEOF (.co_stack))
                [!provide]                PROVIDE (__stack, __StackTop)
                0x00000001                ASSERT ((__StackLimit >= __HeapLimit), region ram  overflowed with stack)
LOAD ..\obj\stm32f4xx_syscfg.o
LOAD ..\obj\tennis.o
LOAD ..\obj\deskchan.o
LOAD ..\obj\startup_stm32f4xx.o
LOAD ..\obj\stm32f4_discovery.o
LOAD ..\obj\sys.o
LOAD ..\obj\main.o
LOAD ..\obj\stm32f4xx_rcc.o
LOAD ..\obj\demo.o
LOAD ..\obj\stm32f4xx_gpio.o
LOAD ..\obj\system_stm32f4xx.o
LOAD ..\obj\syscalls.o
LOAD ..\obj\stm32f4xx_dma.o
LOAD ..\obj\font5x7.o
LOAD ..\obj\tyan-image.o
LOAD ..\obj\stm32f4xx_spi.o
LOAD ..\obj\gdi.o
LOAD ..\obj\stm32f4xx_exti.o
LOAD ..\obj\atari.o
LOAD ..\obj\misc.o
LOAD ..\obj\stm32f4xx_tim.o
LOAD ..\obj\video.o
START GROUP
LOAD e:/program files (x86)/gnu tools arm embedded/5.4 2016q2/bin/../lib/gcc/arm-none-eabi/5.4.1/armv7e-m\libgcc.a
LOAD e:/program files (x86)/gnu tools arm embedded/5.4 2016q2/bin/../lib/gcc/arm-none-eabi/5.4.1/../../../../arm-none-eabi/lib/armv7e-m\libg.a
LOAD e:/program files (x86)/gnu tools arm embedded/5.4 2016q2/bin/../lib/gcc/arm-none-eabi/5.4.1/../../../../arm-none-eabi/lib/armv7e-m\libc.a
END GROUP
OUTPUT(stm_vga.elf elf32-littlearm)

.debug_info     0x00000000     0x7034
 .debug_info    0x00000000      0x3c0 ..\obj\tennis.o
 .debug_info    0x000003c0       0xf2 ..\obj\startup_stm32f4xx.o
 .debug_info    0x000004b2      0x797 ..\obj\sys.o
 .debug_info    0x00000c49      0x1ca ..\obj\main.o
 .debug_info    0x00000e13      0xc63 ..\obj\stm32f4xx_rcc.o
 .debug_info    0x00001a76      0x61a ..\obj\stm32f4xx_gpio.o
 .debug_info    0x00002090      0x5c5 ..\obj\system_stm32f4xx.o
 .debug_info    0x00002655      0x741 ..\obj\stm32f4xx_dma.o
 .debug_info    0x00002d96       0x81 ..\obj\font5x7.o
 .debug_info    0x00002e17      0xb0f ..\obj\stm32f4xx_spi.o
 .debug_info    0x00003926      0x7eb ..\obj\gdi.o
 .debug_info    0x00004111      0x556 ..\obj\misc.o
 .debug_info    0x00004667     0x1c69 ..\obj\stm32f4xx_tim.o
 .debug_info    0x000062d0      0xd64 ..\obj\video.o

.debug_abbrev   0x00000000     0x1302
 .debug_abbrev  0x00000000      0x14d ..\obj\tennis.o
 .debug_abbrev  0x0000014d       0xb0 ..\obj\startup_stm32f4xx.o
 .debug_abbrev  0x000001fd      0x1d8 ..\obj\sys.o
 .debug_abbrev  0x000003d5       0xf9 ..\obj\main.o
 .debug_abbrev  0x000004ce      0x1e5 ..\obj\stm32f4xx_rcc.o
 .debug_abbrev  0x000006b3      0x1a7 ..\obj\stm32f4xx_gpio.o
 .debug_abbrev  0x0000085a      0x138 ..\obj\system_stm32f4xx.o
 .debug_abbrev  0x00000992      0x157 ..\obj\stm32f4xx_dma.o
 .debug_abbrev  0x00000ae9       0x5b ..\obj\font5x7.o
 .debug_abbrev  0x00000b44      0x169 ..\obj\stm32f4xx_spi.o
 .debug_abbrev  0x00000cad      0x1ae ..\obj\gdi.o
 .debug_abbrev  0x00000e5b      0x147 ..\obj\misc.o
 .debug_abbrev  0x00000fa2      0x189 ..\obj\stm32f4xx_tim.o
 .debug_abbrev  0x0000112b      0x1d7 ..\obj\video.o

.debug_aranges  0x00000000      0x8a8
 .debug_aranges
                0x00000000       0x20 ..\obj\tennis.o
 .debug_aranges
                0x00000020       0x28 ..\obj\startup_stm32f4xx.o
 .debug_aranges
                0x00000048       0x48 ..\obj\sys.o
 .debug_aranges
                0x00000090       0x30 ..\obj\main.o
 .debug_aranges
                0x000000c0      0x178 ..\obj\stm32f4xx_rcc.o
 .debug_aranges
                0x00000238       0x88 ..\obj\stm32f4xx_gpio.o
 .debug_aranges
                0x000002c0       0x30 ..\obj\system_stm32f4xx.o
 .debug_aranges
                0x000002f0       0xb0 ..\obj\stm32f4xx_dma.o
 .debug_aranges
                0x000003a0       0x18 ..\obj\font5x7.o
 .debug_aranges
                0x000003b8       0xe0 ..\obj\stm32f4xx_spi.o
 .debug_aranges
                0x00000498       0x70 ..\obj\gdi.o
 .debug_aranges
                0x00000508       0x40 ..\obj\misc.o
 .debug_aranges
                0x00000548      0x2f8 ..\obj\stm32f4xx_tim.o
 .debug_aranges
                0x00000840       0x68 ..\obj\video.o

.debug_ranges   0x00000000      0x7c0
 .debug_ranges  0x00000000       0x10 ..\obj\tennis.o
 .debug_ranges  0x00000010       0x18 ..\obj\startup_stm32f4xx.o
 .debug_ranges  0x00000028       0x38 ..\obj\sys.o
 .debug_ranges  0x00000060       0x20 ..\obj\main.o
 .debug_ranges  0x00000080      0x168 ..\obj\stm32f4xx_rcc.o
 .debug_ranges  0x000001e8       0x78 ..\obj\stm32f4xx_gpio.o
 .debug_ranges  0x00000260       0x20 ..\obj\system_stm32f4xx.o
 .debug_ranges  0x00000280       0xa0 ..\obj\stm32f4xx_dma.o
 .debug_ranges  0x00000320       0xd0 ..\obj\stm32f4xx_spi.o
 .debug_ranges  0x000003f0       0x60 ..\obj\gdi.o
 .debug_ranges  0x00000450       0x30 ..\obj\misc.o
 .debug_ranges  0x00000480      0x2e8 ..\obj\stm32f4xx_tim.o
 .debug_ranges  0x00000768       0x58 ..\obj\video.o

.debug_line     0x00000000     0x2e08
 .debug_line    0x00000000      0x21c ..\obj\tennis.o
 .debug_line    0x0000021c       0x92 ..\obj\startup_stm32f4xx.o
 .debug_line    0x000002ae      0x239 ..\obj\sys.o
 .debug_line    0x000004e7      0x1a8 ..\obj\main.o
 .debug_line    0x0000068f      0x589 ..\obj\stm32f4xx_rcc.o
 .debug_line    0x00000c18      0x344 ..\obj\stm32f4xx_gpio.o
 .debug_line    0x00000f5c      0x1e4 ..\obj\system_stm32f4xx.o
 .debug_line    0x00001140      0x40e ..\obj\stm32f4xx_dma.o
 .debug_line    0x0000154e       0x51 ..\obj\font5x7.o
 .debug_line    0x0000159f      0x43d ..\obj\stm32f4xx_spi.o
 .debug_line    0x000019dc      0x3b1 ..\obj\gdi.o
 .debug_line    0x00001d8d      0x222 ..\obj\misc.o
 .debug_line    0x00001faf      0xaa5 ..\obj\stm32f4xx_tim.o
 .debug_line    0x00002a54      0x3b4 ..\obj\video.o

.debug_str      0x00000000     0x2a0e
 .debug_str     0x00000000      0x334 ..\obj\tennis.o
                                0x397 (size before relaxing)
 .debug_str     0x00000334       0xa1 ..\obj\startup_stm32f4xx.o
                                0x138 (size before relaxing)
 .debug_str     0x000003d5      0x691 ..\obj\sys.o
                                0x801 (size before relaxing)
 .debug_str     0x00000a66       0x4a ..\obj\main.o
                                0x1e2 (size before relaxing)
 .debug_str     0x00000ab0      0x664 ..\obj\stm32f4xx_rcc.o
                                0x841 (size before relaxing)
 .debug_str     0x00001114      0x194 ..\obj\stm32f4xx_gpio.o
                                0x494 (size before relaxing)
 .debug_str     0x000012a8       0xa5 ..\obj\system_stm32f4xx.o
                                0x39b (size before relaxing)
 .debug_str     0x0000134d      0x388 ..\obj\stm32f4xx_dma.o
                                0x533 (size before relaxing)
 .debug_str     0x000016d5       0x31 ..\obj\font5x7.o
                                 0xf3 (size before relaxing)
 .debug_str     0x00001706      0x3ab ..\obj\stm32f4xx_spi.o
                                0x67b (size before relaxing)
 .debug_str     0x00001ab1      0x113 ..\obj\gdi.o
                                0x29e (size before relaxing)
 .debug_str     0x00001bc4      0x175 ..\obj\misc.o
                                0x3bf (size before relaxing)
 .debug_str     0x00001d39      0xb66 ..\obj\stm32f4xx_tim.o
                                0xdc1 (size before relaxing)
 .debug_str     0x0000289f      0x16f ..\obj\video.o
                                0xdbf (size before relaxing)

.comment        0x00000000       0x6e
 .comment       0x00000000       0x6e ..\obj\tennis.o
                                 0x6f (size before relaxing)
 .comment       0x0000006e       0x6f ..\obj\startup_stm32f4xx.o
 .comment       0x0000006e       0x6f ..\obj\sys.o
 .comment       0x0000006e       0x6f ..\obj\main.o
 .comment       0x0000006e       0x6f ..\obj\stm32f4xx_rcc.o
 .comment       0x0000006e       0x6f ..\obj\stm32f4xx_gpio.o
 .comment       0x0000006e       0x6f ..\obj\system_stm32f4xx.o
 .comment       0x0000006e       0x6f ..\obj\stm32f4xx_dma.o
 .comment       0x0000006e       0x6f ..\obj\font5x7.o
 .comment       0x0000006e       0x6f ..\obj\stm32f4xx_spi.o
 .comment       0x0000006e       0x6f ..\obj\gdi.o
 .comment       0x0000006e       0x6f ..\obj\misc.o
 .comment       0x0000006e       0x6f ..\obj\stm32f4xx_tim.o
 .comment       0x0000006e       0x6f ..\obj\video.o

.ARM.attributes
                0x00000000       0x31
 .ARM.attributes
                0x00000000       0x33 ..\obj\tennis.o
 .ARM.attributes
                0x00000033       0x33 ..\obj\startup_stm32f4xx.o
 .ARM.attributes
                0x00000066       0x33 ..\obj\sys.o
 .ARM.attributes
                0x00000099       0x33 ..\obj\main.o
 .ARM.attributes
                0x000000cc       0x33 ..\obj\stm32f4xx_rcc.o
 .ARM.attributes
                0x000000ff       0x33 ..\obj\stm32f4xx_gpio.o
 .ARM.attributes
                0x00000132       0x33 ..\obj\system_stm32f4xx.o
 .ARM.attributes
                0x00000165       0x33 ..\obj\stm32f4xx_dma.o
 .ARM.attributes
                0x00000198       0x33 ..\obj\font5x7.o
 .ARM.attributes
                0x000001cb       0x33 ..\obj\stm32f4xx_spi.o
 .ARM.attributes
                0x000001fe       0x33 ..\obj\gdi.o
 .ARM.attributes
                0x00000231       0x33 ..\obj\misc.o
 .ARM.attributes
                0x00000264       0x33 ..\obj\stm32f4xx_tim.o
 .ARM.attributes
                0x00000297       0x33 ..\obj\video.o

.debug_frame    0x00000000     0x24c8
 .debug_frame   0x00000000       0x30 ..\obj\tennis.o
 .debug_frame   0x00000030       0x4c ..\obj\startup_stm32f4xx.o
 .debug_frame   0x0000007c       0xe4 ..\obj\sys.o
 .debug_frame   0x00000160       0x68 ..\obj\main.o
 .debug_frame   0x000001c8      0x6d4 ..\obj\stm32f4xx_rcc.o
 .debug_frame   0x0000089c      0x23c ..\obj\stm32f4xx_gpio.o
 .debug_frame   0x00000ad8       0x7c ..\obj\system_stm32f4xx.o
 .debug_frame   0x00000b54      0x308 ..\obj\stm32f4xx_dma.o
 .debug_frame   0x00000e5c      0x3f4 ..\obj\stm32f4xx_spi.o
 .debug_frame   0x00001250      0x1c8 ..\obj\gdi.o
 .debug_frame   0x00001418       0xd8 ..\obj\misc.o
 .debug_frame   0x000014f0      0xe54 ..\obj\stm32f4xx_tim.o
 .debug_frame   0x00002344      0x184 ..\obj\video.o
