
Allocating common symbols
Common symbol       size              file

sysDel1Ms           0x4               ..\obj\sys.o
fb                  0xef10            ..\obj\video.o
sysTiming           0x4               ..\obj\sys.o
NVIC_InitStructure  0x4               ..\obj\stm32f4_discovery.o

Discarded input sections

 .text          0x00000000        0x0 ..\obj\stm32f4xx_syscfg.o
 .data          0x00000000        0x0 ..\obj\stm32f4xx_syscfg.o
 .bss           0x00000000        0x0 ..\obj\stm32f4xx_syscfg.o
 .text.SYSCFG_DeInit
                0x00000000       0x1c ..\obj\stm32f4xx_syscfg.o
 .text.SYSCFG_MemoryRemapConfig
                0x00000000       0x20 ..\obj\stm32f4xx_syscfg.o
 .text.SYSCFG_EXTILineConfig
                0x00000000       0x84 ..\obj\stm32f4xx_syscfg.o
 .text.SYSCFG_ETH_MediaInterfaceConfig
                0x00000000       0x1c ..\obj\stm32f4xx_syscfg.o
 .text.SYSCFG_CompensationCellCmd
                0x00000000       0x20 ..\obj\stm32f4xx_syscfg.o
 .text.SYSCFG_GetCompensationCellStatus
                0x00000000       0x30 ..\obj\stm32f4xx_syscfg.o
 .debug_info    0x00000000      0x274 ..\obj\stm32f4xx_syscfg.o
 .debug_abbrev  0x00000000      0x133 ..\obj\stm32f4xx_syscfg.o
 .debug_aranges
                0x00000000       0x48 ..\obj\stm32f4xx_syscfg.o
 .debug_ranges  0x00000000       0x38 ..\obj\stm32f4xx_syscfg.o
 .debug_line    0x00000000      0x219 ..\obj\stm32f4xx_syscfg.o
 .debug_str     0x00000000      0x2ee ..\obj\stm32f4xx_syscfg.o
 .comment       0x00000000       0x6f ..\obj\stm32f4xx_syscfg.o
 .debug_frame   0x00000000       0xf4 ..\obj\stm32f4xx_syscfg.o
 .ARM.attributes
                0x00000000       0x33 ..\obj\stm32f4xx_syscfg.o
 .text          0x00000000        0x0 ..\obj\startup_stm32f4xx.o
 .data          0x00000000        0x0 ..\obj\startup_stm32f4xx.o
 .bss           0x00000000        0x0 ..\obj\startup_stm32f4xx.o
 .text          0x00000000        0x0 ..\obj\stm32f4_discovery.o
 .data          0x00000000       0x14 ..\obj\stm32f4_discovery.o
 .bss           0x00000000        0x0 ..\obj\stm32f4_discovery.o
 .rodata        0x00000000       0x2d ..\obj\stm32f4_discovery.o
 .text.STM_EVAL_LEDInit
                0x00000000       0x5c ..\obj\stm32f4_discovery.o
 .text.STM_EVAL_LEDOn
                0x00000000       0x30 ..\obj\stm32f4_discovery.o
 .text.STM_EVAL_LEDOff
                0x00000000       0x30 ..\obj\stm32f4_discovery.o
 .text.STM_EVAL_LEDToggle
                0x00000000       0x3c ..\obj\stm32f4_discovery.o
 .text.STM_EVAL_PBInit
                0x00000000       0x98 ..\obj\stm32f4_discovery.o
 .text.STM_EVAL_PBGetState
                0x00000000       0x2c ..\obj\stm32f4_discovery.o
 .debug_info    0x00000000      0x8b2 ..\obj\stm32f4_discovery.o
 .debug_abbrev  0x00000000      0x192 ..\obj\stm32f4_discovery.o
 .debug_aranges
                0x00000000       0x48 ..\obj\stm32f4_discovery.o
 .debug_ranges  0x00000000       0x38 ..\obj\stm32f4_discovery.o
 .debug_line    0x00000000      0x29e ..\obj\stm32f4_discovery.o
 .debug_str     0x00000000      0xb2a ..\obj\stm32f4_discovery.o
 .comment       0x00000000       0x6f ..\obj\stm32f4_discovery.o
 .debug_frame   0x00000000       0xf4 ..\obj\stm32f4_discovery.o
 .ARM.attributes
                0x00000000       0x33 ..\obj\stm32f4_discovery.o
 COMMON         0x00000000        0x4 ..\obj\stm32f4_discovery.o
 .text          0x00000000        0x0 ..\obj\sys.o
 .data          0x00000000        0x4 ..\obj\sys.o
 .bss           0x00000000        0x4 ..\obj\sys.o
 .text.NVIC_SetPriority
                0x00000000       0x54 ..\obj\sys.o
 .text.SysTick_Config
                0x00000000       0x44 ..\obj\sys.o
 .text.sysInitSystemTimer
                0x00000000       0x30 ..\obj\sys.o
 .text.sysDelay1Ms
                0x00000000       0x2c ..\obj\sys.o
 .text.sysTickCount
                0x00000000       0x30 ..\obj\sys.o
 COMMON         0x00000000        0x8 ..\obj\sys.o
 .text          0x00000000        0x0 ..\obj\main.o
 .data          0x00000000        0x0 ..\obj\main.o
 .bss           0x00000000        0x0 ..\obj\main.o
 .text          0x00000000        0x0 ..\obj\stm32f4xx_rcc.o
 .data          0x00000000       0x10 ..\obj\stm32f4xx_rcc.o
 .bss           0x00000000        0x0 ..\obj\stm32f4xx_rcc.o
 .text.RCC_DeInit
                0x00000000       0x50 ..\obj\stm32f4xx_rcc.o
 .text.RCC_HSEConfig
                0x00000000       0x24 ..\obj\stm32f4xx_rcc.o
 .text.RCC_WaitForHSEStartUp
                0x00000000       0x50 ..\obj\stm32f4xx_rcc.o
 .text.RCC_AdjustHSICalibrationValue
                0x00000000       0x3c ..\obj\stm32f4xx_rcc.o
 .text.RCC_HSICmd
                0x00000000       0x20 ..\obj\stm32f4xx_rcc.o
 .text.RCC_LSEConfig
                0x00000000       0x40 ..\obj\stm32f4xx_rcc.o
 .text.RCC_LSICmd
                0x00000000       0x20 ..\obj\stm32f4xx_rcc.o
 .text.RCC_PLLConfig
                0x00000000       0x3c ..\obj\stm32f4xx_rcc.o
 .text.RCC_PLLCmd
                0x00000000       0x20 ..\obj\stm32f4xx_rcc.o
 .text.RCC_PLLI2SConfig
                0x00000000       0x28 ..\obj\stm32f4xx_rcc.o
 .text.RCC_PLLI2SCmd
                0x00000000       0x20 ..\obj\stm32f4xx_rcc.o
 .text.RCC_ClockSecuritySystemCmd
                0x00000000       0x20 ..\obj\stm32f4xx_rcc.o
 .text.RCC_MCO1Config
                0x00000000       0x3c ..\obj\stm32f4xx_rcc.o
 .text.RCC_MCO2Config
                0x00000000       0x3c ..\obj\stm32f4xx_rcc.o
 .text.RCC_SYSCLKConfig
                0x00000000       0x38 ..\obj\stm32f4xx_rcc.o
 .text.RCC_GetSYSCLKSource
                0x00000000       0x1c ..\obj\stm32f4xx_rcc.o
 .text.RCC_HCLKConfig
                0x00000000       0x38 ..\obj\stm32f4xx_rcc.o
 .text.RCC_PCLK1Config
                0x00000000       0x38 ..\obj\stm32f4xx_rcc.o
 .text.RCC_PCLK2Config
                0x00000000       0x38 ..\obj\stm32f4xx_rcc.o
 .text.RCC_GetClocksFreq
                0x00000000      0x154 ..\obj\stm32f4xx_rcc.o
 .text.RCC_RTCCLKConfig
                0x00000000       0x5c ..\obj\stm32f4xx_rcc.o
 .text.RCC_RTCCLKCmd
                0x00000000       0x20 ..\obj\stm32f4xx_rcc.o
 .text.RCC_BackupResetCmd
                0x00000000       0x20 ..\obj\stm32f4xx_rcc.o
 .text.RCC_I2SCLKConfig
                0x00000000       0x1c ..\obj\stm32f4xx_rcc.o
 .text.RCC_AHB2PeriphClockCmd
                0x00000000       0x3c ..\obj\stm32f4xx_rcc.o
 .text.RCC_AHB3PeriphClockCmd
                0x00000000       0x3c ..\obj\stm32f4xx_rcc.o
 .text.RCC_AHB1PeriphResetCmd
                0x00000000       0x3c ..\obj\stm32f4xx_rcc.o
 .text.RCC_AHB2PeriphResetCmd
                0x00000000       0x3c ..\obj\stm32f4xx_rcc.o
 .text.RCC_AHB3PeriphResetCmd
                0x00000000       0x3c ..\obj\stm32f4xx_rcc.o
 .text.RCC_AHB1PeriphClockLPModeCmd
                0x00000000       0x3c ..\obj\stm32f4xx_rcc.o
 .text.RCC_AHB2PeriphClockLPModeCmd
                0x00000000       0x3c ..\obj\stm32f4xx_rcc.o
 .text.RCC_AHB3PeriphClockLPModeCmd
                0x00000000       0x3c ..\obj\stm32f4xx_rcc.o
 .text.RCC_APB1PeriphClockLPModeCmd
                0x00000000       0x3c ..\obj\stm32f4xx_rcc.o
 .text.RCC_APB2PeriphClockLPModeCmd
                0x00000000       0x3c ..\obj\stm32f4xx_rcc.o
 .text.RCC_ITConfig
                0x00000000       0x4c ..\obj\stm32f4xx_rcc.o
 .text.RCC_GetFlagStatus
                0x00000000       0x74 ..\obj\stm32f4xx_rcc.o
 .text.RCC_ClearFlag
                0x00000000       0x1c ..\obj\stm32f4xx_rcc.o
 .text.RCC_GetITStatus
                0x00000000       0x34 ..\obj\stm32f4xx_rcc.o
 .text.RCC_ClearITPendingBit
                0x00000000       0x20 ..\obj\stm32f4xx_rcc.o
 .text          0x00000000        0x0 ..\obj\demo.o
 .data          0x00000000        0x0 ..\obj\demo.o
 .bss           0x00000000        0x4 ..\obj\demo.o
 .rodata        0x00000000       0x4a ..\obj\demo.o
 .text.demoInit
                0x00000000      0x5f8 ..\obj\demo.o
 .text.rand     0x00000000       0x3c ..\obj\demo.o
 .text.srand    0x00000000       0x1c ..\obj\demo.o
 .debug_info    0x00000000      0x1ef ..\obj\demo.o
 .debug_abbrev  0x00000000      0x115 ..\obj\demo.o
 .debug_aranges
                0x00000000       0x30 ..\obj\demo.o
 .debug_ranges  0x00000000       0x20 ..\obj\demo.o
 .debug_line    0x00000000      0x36c ..\obj\demo.o
 .debug_str     0x00000000      0x1ca ..\obj\demo.o
 .comment       0x00000000       0x6f ..\obj\demo.o
 .debug_frame   0x00000000       0x78 ..\obj\demo.o
 .ARM.attributes
                0x00000000       0x33 ..\obj\demo.o
 .text          0x00000000        0x0 ..\obj\stm32f4xx_gpio.o
 .data          0x00000000        0x0 ..\obj\stm32f4xx_gpio.o
 .bss           0x00000000        0x0 ..\obj\stm32f4xx_gpio.o
 .text.GPIO_DeInit
                0x00000000      0x120 ..\obj\stm32f4xx_gpio.o
 .text.GPIO_StructInit
                0x00000000       0x34 ..\obj\stm32f4xx_gpio.o
 .text.GPIO_PinLockConfig
                0x00000000       0x44 ..\obj\stm32f4xx_gpio.o
 .text.GPIO_ReadInputDataBit
                0x00000000       0x34 ..\obj\stm32f4xx_gpio.o
 .text.GPIO_ReadInputData
                0x00000000       0x18 ..\obj\stm32f4xx_gpio.o
 .text.GPIO_ReadOutputDataBit
                0x00000000       0x34 ..\obj\stm32f4xx_gpio.o
 .text.GPIO_ReadOutputData
                0x00000000       0x18 ..\obj\stm32f4xx_gpio.o
 .text.GPIO_ResetBits
                0x00000000       0x1c ..\obj\stm32f4xx_gpio.o
 .text.GPIO_WriteBit
                0x00000000       0x30 ..\obj\stm32f4xx_gpio.o
 .text.GPIO_Write
                0x00000000       0x1c ..\obj\stm32f4xx_gpio.o
 .text.GPIO_ToggleBits
                0x00000000       0x24 ..\obj\stm32f4xx_gpio.o
 .text          0x00000000        0x0 ..\obj\system_stm32f4xx.o
 .bss           0x00000000        0x0 ..\obj\system_stm32f4xx.o
 .text.SystemCoreClockUpdate
                0x00000000       0xf8 ..\obj\system_stm32f4xx.o
 .text          0x00000000        0x0 ..\obj\syscalls.o
 .data          0x00000000        0x0 ..\obj\syscalls.o
 .bss           0x00000000        0x4 ..\obj\syscalls.o
 .text._sbrk    0x00000000       0x3c ..\obj\syscalls.o
 .text.link     0x00000000       0x18 ..\obj\syscalls.o
 .text._close   0x00000000       0x18 ..\obj\syscalls.o
 .text._fstat   0x00000000       0x20 ..\obj\syscalls.o
 .text._isatty  0x00000000       0x14 ..\obj\syscalls.o
 .text._lseek   0x00000000       0x18 ..\obj\syscalls.o
 .text._read    0x00000000       0x18 ..\obj\syscalls.o
 .text._write   0x00000000       0x18 ..\obj\syscalls.o
 .text.abort    0x00000000        0x8 ..\obj\syscalls.o
 .debug_info    0x00000000      0x458 ..\obj\syscalls.o
 .debug_abbrev  0x00000000       0xe5 ..\obj\syscalls.o
 .debug_aranges
                0x00000000       0x60 ..\obj\syscalls.o
 .debug_ranges  0x00000000       0x50 ..\obj\syscalls.o
 .debug_line    0x00000000      0x1eb ..\obj\syscalls.o
 .debug_str     0x00000000      0x32a ..\obj\syscalls.o
 .comment       0x00000000       0x6f ..\obj\syscalls.o
 .debug_frame   0x00000000      0x168 ..\obj\syscalls.o
 .ARM.attributes
                0x00000000       0x33 ..\obj\syscalls.o
 .text          0x00000000        0x0 ..\obj\stm32f4xx_dma.o
 .data          0x00000000        0x0 ..\obj\stm32f4xx_dma.o
 .bss           0x00000000        0x0 ..\obj\stm32f4xx_dma.o
 .text.DMA_Cmd  0x00000000       0x38 ..\obj\stm32f4xx_dma.o
 .text.DMA_PeriphIncOffsetSizeConfig
                0x00000000       0x34 ..\obj\stm32f4xx_dma.o
 .text.DMA_FlowControllerConfig
                0x00000000       0x34 ..\obj\stm32f4xx_dma.o
 .text.DMA_SetCurrDataCounter
                0x00000000       0x1c ..\obj\stm32f4xx_dma.o
 .text.DMA_GetCurrDataCounter
                0x00000000       0x18 ..\obj\stm32f4xx_dma.o
 .text.DMA_DoubleBufferModeConfig
                0x00000000       0x3c ..\obj\stm32f4xx_dma.o
 .text.DMA_DoubleBufferModeCmd
                0x00000000       0x38 ..\obj\stm32f4xx_dma.o
 .text.DMA_MemoryTargetConfig
                0x00000000       0x2c ..\obj\stm32f4xx_dma.o
 .text.DMA_GetCurrentMemoryTarget
                0x00000000       0x30 ..\obj\stm32f4xx_dma.o
 .text.DMA_GetCmdStatus
                0x00000000       0x30 ..\obj\stm32f4xx_dma.o
 .text.DMA_GetFIFOStatus
                0x00000000       0x24 ..\obj\stm32f4xx_dma.o
 .text.DMA_GetFlagStatus
                0x00000000       0x74 ..\obj\stm32f4xx_dma.o
 .text.DMA_ClearFlag
                0x00000000       0x5c ..\obj\stm32f4xx_dma.o
 .text.DMA_GetITStatus
                0x00000000       0xac ..\obj\stm32f4xx_dma.o
 .text.DMA_ClearITPendingBit
                0x00000000       0x5c ..\obj\stm32f4xx_dma.o
 .text          0x00000000        0x0 ..\obj\font5x7.o
 .data          0x00000000        0x0 ..\obj\font5x7.o
 .bss           0x00000000        0x0 ..\obj\font5x7.o
 .text          0x00000000        0x0 ..\obj\stm32f4xx_spi.o
 .data          0x00000000        0x0 ..\obj\stm32f4xx_spi.o
 .bss           0x00000000        0x0 ..\obj\stm32f4xx_spi.o
 .text.I2S_Init
                0x00000000      0x1b4 ..\obj\stm32f4xx_spi.o
 .text.I2S_StructInit
                0x00000000       0x38 ..\obj\stm32f4xx_spi.o
 .text.I2S_Cmd  0x00000000       0x40 ..\obj\stm32f4xx_spi.o
 .text.SPI_DataSizeConfig
                0x00000000       0x38 ..\obj\stm32f4xx_spi.o
 .text.SPI_BiDirectionalLineConfig
                0x00000000       0x40 ..\obj\stm32f4xx_spi.o
 .text.SPI_NSSInternalSoftwareConfig
                0x00000000       0x44 ..\obj\stm32f4xx_spi.o
 .text.SPI_SSOutputCmd
                0x00000000       0x40 ..\obj\stm32f4xx_spi.o
 .text.SPI_TIModeCmd
                0x00000000       0x40 ..\obj\stm32f4xx_spi.o
 .text.I2S_FullDuplexConfig
                0x00000000       0x9c ..\obj\stm32f4xx_spi.o
 .text.SPI_I2S_ReceiveData
                0x00000000       0x18 ..\obj\stm32f4xx_spi.o
 .text.SPI_I2S_SendData
                0x00000000       0x1c ..\obj\stm32f4xx_spi.o
 .text.SPI_TransmitCRC
                0x00000000       0x24 ..\obj\stm32f4xx_spi.o
 .text.SPI_GetCRC
                0x00000000       0x30 ..\obj\stm32f4xx_spi.o
 .text.SPI_GetCRCPolynomial
                0x00000000       0x18 ..\obj\stm32f4xx_spi.o
 .text.SPI_I2S_ITConfig
                0x00000000       0x60 ..\obj\stm32f4xx_spi.o
 .text.SPI_I2S_GetFlagStatus
                0x00000000       0x38 ..\obj\stm32f4xx_spi.o
 .text.SPI_I2S_ClearFlag
                0x00000000       0x20 ..\obj\stm32f4xx_spi.o
 .text.SPI_I2S_GetITStatus
                0x00000000       0x74 ..\obj\stm32f4xx_spi.o
 .text.SPI_I2S_ClearITPendingBit
                0x00000000       0x34 ..\obj\stm32f4xx_spi.o
 .text          0x00000000        0x0 ..\obj\gdi.o
 .data          0x00000000        0x0 ..\obj\gdi.o
 .bss           0x00000000        0x0 ..\obj\gdi.o
 .rodata        0x00000000       0x12 ..\obj\gdi.o
 .text.gdiCopyRect
                0x00000000       0x3c ..\obj\gdi.o
 .text.gdiPoint
                0x00000000       0xf0 ..\obj\gdi.o
 .text.gdiLine  0x00000000      0x1b8 ..\obj\gdi.o
 .text.gdiRectangle
                0x00000000       0xa0 ..\obj\gdi.o
 .text.gdiRectangleEx
                0x00000000       0x58 ..\obj\gdi.o
 .text.gdiCircle
                0x00000000       0x98 ..\obj\gdi.o
 .text.gdiDrawText
                0x00000000      0x12c ..\obj\gdi.o
 .text.gdiDrawWindow
                0x00000000      0x148 ..\obj\gdi.o
 .text          0x00000000        0x0 ..\obj\stm32f4xx_exti.o
 .data          0x00000000        0x0 ..\obj\stm32f4xx_exti.o
 .bss           0x00000000        0x0 ..\obj\stm32f4xx_exti.o
 .text.EXTI_DeInit
                0x00000000       0x34 ..\obj\stm32f4xx_exti.o
 .text.EXTI_Init
                0x00000000       0xe4 ..\obj\stm32f4xx_exti.o
 .text.EXTI_StructInit
                0x00000000       0x2c ..\obj\stm32f4xx_exti.o
 .text.EXTI_GenerateSWInterrupt
                0x00000000       0x24 ..\obj\stm32f4xx_exti.o
 .text.EXTI_GetFlagStatus
                0x00000000       0x34 ..\obj\stm32f4xx_exti.o
 .text.EXTI_ClearFlag
                0x00000000       0x1c ..\obj\stm32f4xx_exti.o
 .text.EXTI_GetITStatus
                0x00000000       0x48 ..\obj\stm32f4xx_exti.o
 .text.EXTI_ClearITPendingBit
                0x00000000       0x1c ..\obj\stm32f4xx_exti.o
 .debug_info    0x00000000      0x357 ..\obj\stm32f4xx_exti.o
 .debug_abbrev  0x00000000      0x1a9 ..\obj\stm32f4xx_exti.o
 .debug_aranges
                0x00000000       0x58 ..\obj\stm32f4xx_exti.o
 .debug_ranges  0x00000000       0x48 ..\obj\stm32f4xx_exti.o
 .debug_line    0x00000000      0x2a9 ..\obj\stm32f4xx_exti.o
 .debug_str     0x00000000      0x353 ..\obj\stm32f4xx_exti.o
 .comment       0x00000000       0x6f ..\obj\stm32f4xx_exti.o
 .debug_frame   0x00000000      0x148 ..\obj\stm32f4xx_exti.o
 .ARM.attributes
                0x00000000       0x33 ..\obj\stm32f4xx_exti.o
 .text          0x00000000        0x0 ..\obj\misc.o
 .data          0x00000000        0x0 ..\obj\misc.o
 .bss           0x00000000        0x0 ..\obj\misc.o
 .text.NVIC_PriorityGroupConfig
                0x00000000       0x24 ..\obj\misc.o
 .text.NVIC_SetVectorTable
                0x00000000       0x2c ..\obj\misc.o
 .text.NVIC_SystemLPConfig
                0x00000000       0x40 ..\obj\misc.o
 .text.SysTick_CLKSourceConfig
                0x00000000       0x38 ..\obj\misc.o
 .text          0x00000000        0x0 ..\obj\stm32f4xx_tim.o
 .data          0x00000000        0x0 ..\obj\stm32f4xx_tim.o
 .bss           0x00000000        0x0 ..\obj\stm32f4xx_tim.o
 .text.TIM_DeInit
                0x00000000      0x1c0 ..\obj\stm32f4xx_tim.o
 .text.TIM_TimeBaseStructInit
                0x00000000       0x34 ..\obj\stm32f4xx_tim.o
 .text.TIM_PrescalerConfig
                0x00000000       0x28 ..\obj\stm32f4xx_tim.o
 .text.TIM_CounterModeConfig
                0x00000000       0x38 ..\obj\stm32f4xx_tim.o
 .text.TIM_SetCounter
                0x00000000       0x1c ..\obj\stm32f4xx_tim.o
 .text.TIM_SetAutoreload
                0x00000000       0x1c ..\obj\stm32f4xx_tim.o
 .text.TIM_GetCounter
                0x00000000       0x18 ..\obj\stm32f4xx_tim.o
 .text.TIM_GetPrescaler
                0x00000000       0x18 ..\obj\stm32f4xx_tim.o
 .text.TIM_UpdateDisableConfig
                0x00000000       0x40 ..\obj\stm32f4xx_tim.o
 .text.TIM_UpdateRequestConfig
                0x00000000       0x40 ..\obj\stm32f4xx_tim.o
 .text.TIM_SelectOnePulseMode
                0x00000000       0x38 ..\obj\stm32f4xx_tim.o
 .text.TIM_SetClockDivision
                0x00000000       0x38 ..\obj\stm32f4xx_tim.o
 .text.TIM_OC4Init
                0x00000000       0xcc ..\obj\stm32f4xx_tim.o
 .text.TIM_SelectOCxM
                0x00000000       0xb0 ..\obj\stm32f4xx_tim.o
 .text.TIM_SetCompare1
                0x00000000       0x1c ..\obj\stm32f4xx_tim.o
 .text.TIM_SetCompare2
                0x00000000       0x1c ..\obj\stm32f4xx_tim.o
 .text.TIM_SetCompare3
                0x00000000       0x1c ..\obj\stm32f4xx_tim.o
 .text.TIM_SetCompare4
                0x00000000       0x1c ..\obj\stm32f4xx_tim.o
 .text.TIM_ForcedOC1Config
                0x00000000       0x38 ..\obj\stm32f4xx_tim.o
 .text.TIM_ForcedOC2Config
                0x00000000       0x3c ..\obj\stm32f4xx_tim.o
 .text.TIM_ForcedOC3Config
                0x00000000       0x38 ..\obj\stm32f4xx_tim.o
 .text.TIM_ForcedOC4Config
                0x00000000       0x3c ..\obj\stm32f4xx_tim.o
 .text.TIM_OC3PreloadConfig
                0x00000000       0x38 ..\obj\stm32f4xx_tim.o
 .text.TIM_OC4PreloadConfig
                0x00000000       0x3c ..\obj\stm32f4xx_tim.o
 .text.TIM_OC1FastConfig
                0x00000000       0x38 ..\obj\stm32f4xx_tim.o
 .text.TIM_OC2FastConfig
                0x00000000       0x3c ..\obj\stm32f4xx_tim.o
 .text.TIM_OC3FastConfig
                0x00000000       0x38 ..\obj\stm32f4xx_tim.o
 .text.TIM_OC4FastConfig
                0x00000000       0x3c ..\obj\stm32f4xx_tim.o
 .text.TIM_ClearOC1Ref
                0x00000000       0x38 ..\obj\stm32f4xx_tim.o
 .text.TIM_ClearOC2Ref
                0x00000000       0x3c ..\obj\stm32f4xx_tim.o
 .text.TIM_ClearOC3Ref
                0x00000000       0x38 ..\obj\stm32f4xx_tim.o
 .text.TIM_ClearOC4Ref
                0x00000000       0x3c ..\obj\stm32f4xx_tim.o
 .text.TIM_OC1PolarityConfig
                0x00000000       0x38 ..\obj\stm32f4xx_tim.o
 .text.TIM_OC1NPolarityConfig
                0x00000000       0x38 ..\obj\stm32f4xx_tim.o
 .text.TIM_OC2PolarityConfig
                0x00000000       0x3c ..\obj\stm32f4xx_tim.o
 .text.TIM_OC2NPolarityConfig
                0x00000000       0x3c ..\obj\stm32f4xx_tim.o
 .text.TIM_OC3PolarityConfig
                0x00000000       0x3c ..\obj\stm32f4xx_tim.o
 .text.TIM_OC3NPolarityConfig
                0x00000000       0x3c ..\obj\stm32f4xx_tim.o
 .text.TIM_OC4PolarityConfig
                0x00000000       0x3c ..\obj\stm32f4xx_tim.o
 .text.TIM_CCxCmd
                0x00000000       0x58 ..\obj\stm32f4xx_tim.o
 .text.TIM_CCxNCmd
                0x00000000       0x58 ..\obj\stm32f4xx_tim.o
 .text.TIM_ICInit
                0x00000000       0xa8 ..\obj\stm32f4xx_tim.o
 .text.TIM_ICStructInit
                0x00000000       0x30 ..\obj\stm32f4xx_tim.o
 .text.TIM_PWMIConfig
                0x00000000       0xb8 ..\obj\stm32f4xx_tim.o
 .text.TIM_GetCapture1
                0x00000000       0x18 ..\obj\stm32f4xx_tim.o
 .text.TIM_GetCapture2
                0x00000000       0x18 ..\obj\stm32f4xx_tim.o
 .text.TIM_GetCapture3
                0x00000000       0x18 ..\obj\stm32f4xx_tim.o
 .text.TIM_GetCapture4
                0x00000000       0x18 ..\obj\stm32f4xx_tim.o
 .text.TIM_SetIC1Prescaler
                0x00000000       0x38 ..\obj\stm32f4xx_tim.o
 .text.TIM_SetIC2Prescaler
                0x00000000       0x3c ..\obj\stm32f4xx_tim.o
 .text.TIM_SetIC3Prescaler
                0x00000000       0x38 ..\obj\stm32f4xx_tim.o
 .text.TIM_SetIC4Prescaler
                0x00000000       0x3c ..\obj\stm32f4xx_tim.o
 .text.TIM_BDTRConfig
                0x00000000       0x50 ..\obj\stm32f4xx_tim.o
 .text.TIM_BDTRStructInit
                0x00000000       0x3c ..\obj\stm32f4xx_tim.o
 .text.TIM_SelectCOM
                0x00000000       0x40 ..\obj\stm32f4xx_tim.o
 .text.TIM_CCPreloadControl
                0x00000000       0x40 ..\obj\stm32f4xx_tim.o
 .text.TIM_GenerateEvent
                0x00000000       0x1c ..\obj\stm32f4xx_tim.o
 .text.TIM_GetFlagStatus
                0x00000000       0x38 ..\obj\stm32f4xx_tim.o
 .text.TIM_ClearFlag
                0x00000000       0x20 ..\obj\stm32f4xx_tim.o
 .text.TIM_GetITStatus
                0x00000000       0x54 ..\obj\stm32f4xx_tim.o
 .text.TIM_ClearITPendingBit
                0x00000000       0x20 ..\obj\stm32f4xx_tim.o
 .text.TIM_DMAConfig
                0x00000000       0x28 ..\obj\stm32f4xx_tim.o
 .text.TIM_DMACmd
                0x00000000       0x48 ..\obj\stm32f4xx_tim.o
 .text.TIM_SelectCCDMA
                0x00000000       0x40 ..\obj\stm32f4xx_tim.o
 .text.TIM_InternalClockConfig
                0x00000000       0x24 ..\obj\stm32f4xx_tim.o
 .text.TIM_ITRxExternalClockConfig
                0x00000000       0x30 ..\obj\stm32f4xx_tim.o
 .text.TIM_TIxExternalClockConfig
                0x00000000       0x5c ..\obj\stm32f4xx_tim.o
 .text.TIM_ETRClockMode1Config
                0x00000000       0x60 ..\obj\stm32f4xx_tim.o
 .text.TIM_ETRClockMode2Config
                0x00000000       0x40 ..\obj\stm32f4xx_tim.o
 .text.TIM_ETRConfig
                0x00000000       0x54 ..\obj\stm32f4xx_tim.o
 .text.TIM_EncoderInterfaceConfig
                0x00000000       0x98 ..\obj\stm32f4xx_tim.o
 .text.TIM_SelectHallSensor
                0x00000000       0x40 ..\obj\stm32f4xx_tim.o
 .text.TIM_RemapConfig
                0x00000000       0x20 ..\obj\stm32f4xx_tim.o
 .text.TI1_Config
                0x00000000       0x84 ..\obj\stm32f4xx_tim.o
 .text.TI2_Config
                0x00000000       0x98 ..\obj\stm32f4xx_tim.o
 .text.TI3_Config
                0x00000000       0x90 ..\obj\stm32f4xx_tim.o
 .text.TI4_Config
                0x00000000       0x9c ..\obj\stm32f4xx_tim.o
 .text          0x00000000        0x0 ..\obj\mth.o
 .data          0x00000000        0x0 ..\obj\mth.o
 .bss           0x00000000        0x0 ..\obj\mth.o
 .rodata        0x00000000      0x2d0 ..\obj\mth.o
 .text.mthSin   0x00000000       0x40 ..\obj\mth.o
 .text.mthCos   0x00000000       0x44 ..\obj\mth.o
 .debug_info    0x00000000      0x178 ..\obj\mth.o
 .debug_abbrev  0x00000000       0xc9 ..\obj\mth.o
 .debug_aranges
                0x00000000       0x28 ..\obj\mth.o
 .debug_ranges  0x00000000       0x18 ..\obj\mth.o
 .debug_line    0x00000000      0x1bf ..\obj\mth.o
 .debug_str     0x00000000      0x19f ..\obj\mth.o
 .comment       0x00000000       0x6f ..\obj\mth.o
 .debug_frame   0x00000000       0x60 ..\obj\mth.o
 .ARM.attributes
                0x00000000       0x33 ..\obj\mth.o
 .text          0x00000000        0x0 ..\obj\video.o
 .data          0x00000000        0x0 ..\obj\video.o

Memory Configuration

Name             Origin             Length             Attributes
rom              0x08000000         0x00100000         xr
ram              0x20000000         0x00020000         xrw
ram1             0x10000000         0x00010000         xrw
*default*        0x00000000         0xffffffff

Linker script and memory map

                0x20020000                _eram = 0x20020000

.text           0x08000000     0x1fb4
 *(.isr_vector)
 .isr_vector    0x08000000      0x188 ..\obj\startup_stm32f4xx.o
                0x08000000                g_pfnVectors
 *(.text*)
 .text.Default_Reset_Handler
                0x08000188       0x5c ..\obj\startup_stm32f4xx.o
                0x08000188                Default_Reset_Handler
                0x08000188                Reset_Handler
 .text.Default_Handler
                0x080001e4        0x8 ..\obj\startup_stm32f4xx.o
                0x080001e4                RTC_Alarm_IRQHandler
                0x080001e4                HASH_RNG_IRQHandler
                0x080001e4                EXTI2_IRQHandler
                0x080001e4                TIM8_CC_IRQHandler
                0x080001e4                DebugMon_Handler
                0x080001e4                DMA2_Stream5_IRQHandler
                0x080001e4                HardFault_Handler
                0x080001e4                DMA1_Stream5_IRQHandler
                0x080001e4                SysTick_Handler
                0x080001e4                PVD_IRQHandler
                0x080001e4                SDIO_IRQHandler
                0x080001e4                TAMP_STAMP_IRQHandler
                0x080001e4                PendSV_Handler
                0x080001e4                NMI_Handler
                0x080001e4                CAN2_RX1_IRQHandler
                0x080001e4                EXTI3_IRQHandler
                0x080001e4                TIM8_TRG_COM_TIM14_IRQHandler
                0x080001e4                TIM1_UP_TIM10_IRQHandler
                0x080001e4                TIM8_UP_TIM13_IRQHandler
                0x080001e4                I2C3_ER_IRQHandler
                0x080001e4                EXTI0_IRQHandler
                0x080001e4                I2C2_EV_IRQHandler
                0x080001e4                DMA1_Stream2_IRQHandler
                0x080001e4                CAN1_RX0_IRQHandler
                0x080001e4                FPU_IRQHandler
                0x080001e4                OTG_HS_WKUP_IRQHandler
                0x080001e4                UsageFault_Handler
                0x080001e4                CAN2_SCE_IRQHandler
                0x080001e4                DMA2_Stream2_IRQHandler
                0x080001e4                SPI1_IRQHandler
                0x080001e4                TIM6_DAC_IRQHandler
                0x080001e4                TIM1_BRK_TIM9_IRQHandler
                0x080001e4                DCMI_IRQHandler
                0x080001e4                CAN2_RX0_IRQHandler
                0x080001e4                USART6_IRQHandler
                0x080001e4                USART3_IRQHandler
                0x080001e4                CRYP_IRQHandler
                0x080001e4                CAN1_RX1_IRQHandler
                0x080001e4                UART5_IRQHandler
                0x080001e4                DMA2_Stream0_IRQHandler
                0x080001e4                TIM4_IRQHandler
                0x080001e4                I2C1_EV_IRQHandler
                0x080001e4                DMA1_Stream6_IRQHandler
                0x080001e4                DMA1_Stream1_IRQHandler
                0x080001e4                UART4_IRQHandler
                0x080001e4                TIM3_IRQHandler
                0x080001e4                RCC_IRQHandler
                0x080001e4                TIM8_BRK_TIM12_IRQHandler
                0x080001e4                EXTI15_10_IRQHandler
                0x080001e4                ADC_IRQHandler
                0x080001e4                DMA1_Stream7_IRQHandler
                0x080001e4                TIM7_IRQHandler
                0x080001e4                CAN2_TX_IRQHandler
                0x080001e4                TIM5_IRQHandler
                0x080001e4                DMA2_Stream7_IRQHandler
                0x080001e4                I2C3_EV_IRQHandler
                0x080001e4                EXTI9_5_IRQHandler
                0x080001e4                RTC_WKUP_IRQHandler
                0x080001e4                ETH_WKUP_IRQHandler
                0x080001e4                SPI2_IRQHandler
                0x080001e4                OTG_HS_EP1_IN_IRQHandler
                0x080001e4                MemManage_Handler
                0x080001e4                DMA1_Stream0_IRQHandler
                0x080001e4                CAN1_TX_IRQHandler
                0x080001e4                SVC_Handler
                0x080001e4                EXTI4_IRQHandler
                0x080001e4                FSMC_IRQHandler
                0x080001e4                ETH_IRQHandler
                0x080001e4                OTG_HS_EP1_OUT_IRQHandler
                0x080001e4                WWDG_IRQHandler
                0x080001e4                OTG_FS_WKUP_IRQHandler
                0x080001e4                TIM1_TRG_COM_TIM11_IRQHandler
                0x080001e4                OTG_HS_IRQHandler
                0x080001e4                EXTI1_IRQHandler
                0x080001e4                USART2_IRQHandler
                0x080001e4                I2C2_ER_IRQHandler
                0x080001e4                DMA2_Stream1_IRQHandler
                0x080001e4                CAN1_SCE_IRQHandler
                0x080001e4                FLASH_IRQHandler
                0x080001e4                DMA2_Stream4_IRQHandler
                0x080001e4                BusFault_Handler
                0x080001e4                USART1_IRQHandler
                0x080001e4                OTG_FS_IRQHandler
                0x080001e4                SPI3_IRQHandler
                0x080001e4                DMA1_Stream4_IRQHandler
                0x080001e4                I2C1_ER_IRQHandler
                0x080001e4                DMA2_Stream6_IRQHandler
                0x080001e4                DMA1_Stream3_IRQHandler
 .text.sysDelayMs
                0x080001ec       0x30 ..\obj\sys.o
                0x080001ec                sysDelayMs
 .text.RCC_Configuration
                0x0800021c       0x30 ..\obj\main.o
                0x0800021c                RCC_Configuration
 .text.GPIO_Configuration
                0x0800024c        0xc ..\obj\main.o
                0x0800024c                GPIO_Configuration
 .text.main     0x08000258       0x68 ..\obj\main.o
                0x08000258                main
 .text.RCC_AHB1PeriphClockCmd
                0x080002c0       0x3c ..\obj\stm32f4xx_rcc.o
                0x080002c0                RCC_AHB1PeriphClockCmd
 .text.RCC_APB1PeriphClockCmd
                0x080002fc       0x3c ..\obj\stm32f4xx_rcc.o
                0x080002fc                RCC_APB1PeriphClockCmd
 .text.RCC_APB2PeriphClockCmd
                0x08000338       0x3c ..\obj\stm32f4xx_rcc.o
                0x08000338                RCC_APB2PeriphClockCmd
 .text.RCC_APB1PeriphResetCmd
                0x08000374       0x3c ..\obj\stm32f4xx_rcc.o
                0x08000374                RCC_APB1PeriphResetCmd
 .text.RCC_APB2PeriphResetCmd
                0x080003b0       0x3c ..\obj\stm32f4xx_rcc.o
                0x080003b0                RCC_APB2PeriphResetCmd
 .text.GPIO_Init
                0x080003ec      0x11c ..\obj\stm32f4xx_gpio.o
                0x080003ec                GPIO_Init
 .text.GPIO_SetBits
                0x08000508       0x1c ..\obj\stm32f4xx_gpio.o
                0x08000508                GPIO_SetBits
 .text.GPIO_PinAFConfig
                0x08000524       0x90 ..\obj\stm32f4xx_gpio.o
                0x08000524                GPIO_PinAFConfig
 .text.SystemInit
                0x080005b4       0x5c ..\obj\system_stm32f4xx.o
                0x080005b4                SystemInit
 .text.SetSysClock
                0x08000610       0xf4 ..\obj\system_stm32f4xx.o
 .text.DMA_DeInit
                0x08000704      0x1a4 ..\obj\stm32f4xx_dma.o
                0x08000704                DMA_DeInit
 .text.DMA_Init
                0x080008a8       0xac ..\obj\stm32f4xx_dma.o
                0x080008a8                DMA_Init
 .text.DMA_StructInit
                0x08000954       0x6c ..\obj\stm32f4xx_dma.o
                0x08000954                DMA_StructInit
 .text.DMA_ITConfig
                0x080009c0       0x74 ..\obj\stm32f4xx_dma.o
                0x080009c0                DMA_ITConfig
 .text.SPI_I2S_DeInit
                0x08000a34       0x74 ..\obj\stm32f4xx_spi.o
                0x08000a34                SPI_I2S_DeInit
 .text.SPI_Init
                0x08000aa8       0x88 ..\obj\stm32f4xx_spi.o
                0x08000aa8                SPI_Init
 .text.SPI_StructInit
                0x08000b30       0x48 ..\obj\stm32f4xx_spi.o
                0x08000b30                SPI_StructInit
 .text.SPI_Cmd  0x08000b78       0x40 ..\obj\stm32f4xx_spi.o
                0x08000b78                SPI_Cmd
 .text.SPI_CalculateCRC
                0x08000bb8       0x40 ..\obj\stm32f4xx_spi.o
                0x08000bb8                SPI_CalculateCRC
 .text.SPI_I2S_DMACmd
                0x08000bf8       0x48 ..\obj\stm32f4xx_spi.o
                0x08000bf8                SPI_I2S_DMACmd
 .text.strLen   0x08000c40       0x30 ..\obj\gdi.o
                0x08000c40                strLen
 .text.gdiBitBlt
                0x08000c70      0x260 ..\obj\gdi.o
                0x08000c70                gdiBitBlt
 .text.gdiDrawTextEx
                0x08000ed0       0x9c ..\obj\gdi.o
                0x08000ed0                gdiDrawTextEx
 .text.NVIC_Init
                0x08000f6c       0xc0 ..\obj\misc.o
                0x08000f6c                NVIC_Init
 .text.TIM_TimeBaseInit
                0x0800102c       0xd4 ..\obj\stm32f4xx_tim.o
                0x0800102c                TIM_TimeBaseInit
 .text.TIM_ARRPreloadConfig
                0x08001100       0x40 ..\obj\stm32f4xx_tim.o
                0x08001100                TIM_ARRPreloadConfig
 .text.TIM_Cmd  0x08001140       0x40 ..\obj\stm32f4xx_tim.o
                0x08001140                TIM_Cmd
 .text.TIM_OC1Init
                0x08001180       0xf4 ..\obj\stm32f4xx_tim.o
                0x08001180                TIM_OC1Init
 .text.TIM_OC2Init
                0x08001274      0x110 ..\obj\stm32f4xx_tim.o
                0x08001274                TIM_OC2Init
 .text.TIM_OC3Init
                0x08001384      0x10c ..\obj\stm32f4xx_tim.o
                0x08001384                TIM_OC3Init
 .text.TIM_OCStructInit
                0x08001490       0x44 ..\obj\stm32f4xx_tim.o
                0x08001490                TIM_OCStructInit
 .text.TIM_OC1PreloadConfig
                0x080014d4       0x38 ..\obj\stm32f4xx_tim.o
                0x080014d4                TIM_OC1PreloadConfig
 .text.TIM_OC2PreloadConfig
                0x0800150c       0x3c ..\obj\stm32f4xx_tim.o
                0x0800150c                TIM_OC2PreloadConfig
 .text.TIM_CtrlPWMOutputs
                0x08001548       0x4c ..\obj\stm32f4xx_tim.o
                0x08001548                TIM_CtrlPWMOutputs
 .text.TIM_ITConfig
                0x08001594       0x48 ..\obj\stm32f4xx_tim.o
                0x08001594                TIM_ITConfig
 .text.TIM_SelectInputTrigger
                0x080015dc       0x38 ..\obj\stm32f4xx_tim.o
                0x080015dc                TIM_SelectInputTrigger
 .text.TIM_SelectOutputTrigger
                0x08001614       0x38 ..\obj\stm32f4xx_tim.o
                0x08001614                TIM_SelectOutputTrigger
 .text.TIM_SelectSlaveMode
                0x0800164c       0x38 ..\obj\stm32f4xx_tim.o
                0x0800164c                TIM_SelectSlaveMode
 .text.TIM_SelectMasterSlaveMode
                0x08001684       0x38 ..\obj\stm32f4xx_tim.o
                0x08001684                TIM_SelectMasterSlaveMode
 .text.TIMER_Configuration
                0x080016bc      0x26c ..\obj\video.o
                0x080016bc                TIMER_Configuration
 .text.SPI_Configuration
                0x08001928      0x178 ..\obj\video.o
                0x08001928                SPI_Configuration
 .text.TIM1_CC_IRQHandler
                0x08001aa0       0x3c ..\obj\video.o
                0x08001aa0                TIM1_CC_IRQHandler
 .text.TIM2_IRQHandler
                0x08001adc       0x2c ..\obj\video.o
                0x08001adc                TIM2_IRQHandler
 .text.DMA2_Stream3_IRQHandler
                0x08001b08       0x98 ..\obj\video.o
                0x08001b08                DMA2_Stream3_IRQHandler
 .text.vidClearScreen
                0x08001ba0       0x50 ..\obj\video.o
                0x08001ba0                vidClearScreen
 .text.vidInit  0x08001bf0       0x48 ..\obj\video.o
                0x08001bf0                vidInit
 *(.init)
 *(.fini)
 *crtbegin.o(.ctors)
 *crtbegin?.o(.ctors)
 *(EXCLUDE_FILE(*crtend.o *crtend?.o) .ctors)
 *(SORT(.ctors.*))
 *(.ctors)
 *crtbegin.o(.dtors)
 *crtbegin?.o(.dtors)
 *(EXCLUDE_FILE(*crtend.o *crtend?.o) .dtors)
 *(SORT(.dtors.*))
 *(.dtors)
 *(.rodata*)
 .rodata        0x08001c38       0x1a ..\obj\main.o
 *fill*         0x08001c52        0x2 
 .rodata        0x08001c54      0x360 ..\obj\font5x7.o
                0x08001c54                gdiSystemFont
 *(.eh_fram e*)

.glue_7         0x08001fb4        0x0
 .glue_7        0x08001fb4        0x0 linker stubs

.glue_7t        0x08001fb4        0x0
 .glue_7t       0x08001fb4        0x0 linker stubs

.vfp11_veneer   0x08001fb4        0x0
 .vfp11_veneer  0x08001fb4        0x0 linker stubs

.v4_bx          0x08001fb4        0x0
 .v4_bx         0x08001fb4        0x0 linker stubs

.iplt           0x08001fb4        0x0
 .iplt          0x08001fb4        0x0 ..\obj\stm32f4xx_syscfg.o

.rel.dyn        0x08001fb4        0x0
 .rel.iplt      0x08001fb4        0x0 ..\obj\stm32f4xx_syscfg.o

.ARM.extab
 *(.ARM.extab* .gnu.linkonce.armextab.*)
                0x08001fb4                __exidx_start = .

.ARM.exidx
 *(.ARM.exidx* .gnu.linkonce.armexidx.*)
                0x08001fb4                __exidx_end = .
                0x08001fb4                __etext = .
                0x08001fb4                _sidata = __etext

.data           0x20000000       0x14 load address 0x08001fb4
                0x20000000                __data_start__ = .
                0x20000000                _sdata = __data_start__
 *(vtable)
 *(.data*)
 .data          0x20000000       0x14 ..\obj\system_stm32f4xx.o
                0x20000000                SystemCoreClock
                0x20000004                AHBPrescTable
                0x20000014                . = ALIGN (0x4)
                [!provide]                PROVIDE (__preinit_array_start, .)
 *(.preinit_array)
                [!provide]                PROVIDE (__preinit_array_end, .)
                0x20000014                . = ALIGN (0x4)
                [!provide]                PROVIDE (__init_array_start, .)
 *(SORT(.init_array.*))
 *(.init_array)
                [!provide]                PROVIDE (__init_array_end, .)
                0x20000014                . = ALIGN (0x4)
                [!provide]                PROVIDE (__fini_array_start, .)
 *(SORT(.fini_array.*))
 *(.fini_array)
                [!provide]                PROVIDE (__fini_array_end, .)
 *(.jcr*)
                0x20000014                . = ALIGN (0x4)
                0x20000014                __data_end__ = .
                0x20000014                _edata = __data_end__

.igot.plt       0x20000014        0x0 load address 0x08001fc8
 .igot.plt      0x20000014        0x0 ..\obj\stm32f4xx_syscfg.o

.bss            0x20000020     0xef30 load address 0x08001fe0
                0x20000020                . = ALIGN (0x4)
                0x20000020                __bss_start__ = .
                0x20000020                _sbss = __bss_start__
 *(.bss*)
 .bss           0x20000020        0xc ..\obj\video.o
 *(COMMON)
 *fill*         0x2000002c       0x14 
 COMMON         0x20000040     0xef10 ..\obj\video.o
                0x20000040                fb
                0x2000ef50                . = ALIGN (0x4)
                0x2000ef50                __bss_end__ = .
                0x2000ef50                _ebss = __bss_end__

.heap           0x2000ef50        0x0
                0x2000ef50                __end__ = .
                0x2000ef50                _end = __end__
                0x2000ef50                end = __end__
 *(.heap*)
                0x2000ef50                __HeapLimit = .

.co_stack       0x2000ef50      0x800 load address 0x08010f10
                0x2000ef50                . = ALIGN (0x8)
 *(.co_stack .co_stack.*)
 .co_stack      0x2000ef50      0x800 ..\obj\startup_stm32f4xx.o
                0x2000ef50                pulStack
                0x20020000                __StackTop = (ORIGIN (ram) + LENGTH (ram))
                0x2001f800                __StackLimit = (__StackTop - SIZEOF (.co_stack))
                [!provide]                PROVIDE (__stack, __StackTop)
                0x00000001                ASSERT ((__StackLimit >= __HeapLimit), region ram  overflowed with stack)
LOAD ..\obj\stm32f4xx_syscfg.o
LOAD ..\obj\startup_stm32f4xx.o
LOAD ..\obj\stm32f4_discovery.o
LOAD ..\obj\sys.o
LOAD ..\obj\main.o
LOAD ..\obj\stm32f4xx_rcc.o
LOAD ..\obj\demo.o
LOAD ..\obj\stm32f4xx_gpio.o
LOAD ..\obj\system_stm32f4xx.o
LOAD ..\obj\syscalls.o
LOAD ..\obj\stm32f4xx_dma.o
LOAD ..\obj\font5x7.o
LOAD ..\obj\stm32f4xx_spi.o
LOAD ..\obj\gdi.o
LOAD ..\obj\stm32f4xx_exti.o
LOAD ..\obj\misc.o
LOAD ..\obj\stm32f4xx_tim.o
LOAD ..\obj\mth.o
LOAD ..\obj\video.o
START GROUP
LOAD d:/program files (x86)/gnu tools arm embedded/5.4 2016q2/bin/../lib/gcc/arm-none-eabi/5.4.1/armv7e-m\libgcc.a
LOAD d:/program files (x86)/gnu tools arm embedded/5.4 2016q2/bin/../lib/gcc/arm-none-eabi/5.4.1/../../../../arm-none-eabi/lib/armv7e-m\libg.a
LOAD d:/program files (x86)/gnu tools arm embedded/5.4 2016q2/bin/../lib/gcc/arm-none-eabi/5.4.1/../../../../arm-none-eabi/lib/armv7e-m\libc.a
END GROUP
OUTPUT(stm_vga.elf elf32-littlearm)

.debug_info     0x00000000     0x6b6a
 .debug_info    0x00000000       0xf2 ..\obj\startup_stm32f4xx.o
 .debug_info    0x000000f2      0x797 ..\obj\sys.o
 .debug_info    0x00000889      0x164 ..\obj\main.o
 .debug_info    0x000009ed      0xc63 ..\obj\stm32f4xx_rcc.o
 .debug_info    0x00001650      0x61a ..\obj\stm32f4xx_gpio.o
 .debug_info    0x00001c6a      0x5c5 ..\obj\system_stm32f4xx.o
 .debug_info    0x0000222f      0x741 ..\obj\stm32f4xx_dma.o
 .debug_info    0x00002970       0x81 ..\obj\font5x7.o
 .debug_info    0x000029f1      0xb0f ..\obj\stm32f4xx_spi.o
 .debug_info    0x00003500      0x7ee ..\obj\gdi.o
 .debug_info    0x00003cee      0x556 ..\obj\misc.o
 .debug_info    0x00004244     0x1c69 ..\obj\stm32f4xx_tim.o
 .debug_info    0x00005ead      0xcbd ..\obj\video.o

.debug_abbrev   0x00000000     0x1187
 .debug_abbrev  0x00000000       0xb0 ..\obj\startup_stm32f4xx.o
 .debug_abbrev  0x000000b0      0x1d8 ..\obj\sys.o
 .debug_abbrev  0x00000288       0xe3 ..\obj\main.o
 .debug_abbrev  0x0000036b      0x1e5 ..\obj\stm32f4xx_rcc.o
 .debug_abbrev  0x00000550      0x1a7 ..\obj\stm32f4xx_gpio.o
 .debug_abbrev  0x000006f7      0x138 ..\obj\system_stm32f4xx.o
 .debug_abbrev  0x0000082f      0x157 ..\obj\stm32f4xx_dma.o
 .debug_abbrev  0x00000986       0x5b ..\obj\font5x7.o
 .debug_abbrev  0x000009e1      0x169 ..\obj\stm32f4xx_spi.o
 .debug_abbrev  0x00000b4a      0x1ae ..\obj\gdi.o
 .debug_abbrev  0x00000cf8      0x147 ..\obj\misc.o
 .debug_abbrev  0x00000e3f      0x189 ..\obj\stm32f4xx_tim.o
 .debug_abbrev  0x00000fc8      0x1bf ..\obj\video.o

.debug_aranges  0x00000000      0x870
 .debug_aranges
                0x00000000       0x28 ..\obj\startup_stm32f4xx.o
 .debug_aranges
                0x00000028       0x48 ..\obj\sys.o
 .debug_aranges
                0x00000070       0x30 ..\obj\main.o
 .debug_aranges
                0x000000a0      0x178 ..\obj\stm32f4xx_rcc.o
 .debug_aranges
                0x00000218       0x88 ..\obj\stm32f4xx_gpio.o
 .debug_aranges
                0x000002a0       0x30 ..\obj\system_stm32f4xx.o
 .debug_aranges
                0x000002d0       0xb0 ..\obj\stm32f4xx_dma.o
 .debug_aranges
                0x00000380       0x18 ..\obj\font5x7.o
 .debug_aranges
                0x00000398       0xe0 ..\obj\stm32f4xx_spi.o
 .debug_aranges
                0x00000478       0x70 ..\obj\gdi.o
 .debug_aranges
                0x000004e8       0x40 ..\obj\misc.o
 .debug_aranges
                0x00000528      0x2f8 ..\obj\stm32f4xx_tim.o
 .debug_aranges
                0x00000820       0x50 ..\obj\video.o

.debug_ranges   0x00000000      0x798
 .debug_ranges  0x00000000       0x18 ..\obj\startup_stm32f4xx.o
 .debug_ranges  0x00000018       0x38 ..\obj\sys.o
 .debug_ranges  0x00000050       0x20 ..\obj\main.o
 .debug_ranges  0x00000070      0x168 ..\obj\stm32f4xx_rcc.o
 .debug_ranges  0x000001d8       0x78 ..\obj\stm32f4xx_gpio.o
 .debug_ranges  0x00000250       0x20 ..\obj\system_stm32f4xx.o
 .debug_ranges  0x00000270       0xa0 ..\obj\stm32f4xx_dma.o
 .debug_ranges  0x00000310       0xd0 ..\obj\stm32f4xx_spi.o
 .debug_ranges  0x000003e0       0x60 ..\obj\gdi.o
 .debug_ranges  0x00000440       0x30 ..\obj\misc.o
 .debug_ranges  0x00000470      0x2e8 ..\obj\stm32f4xx_tim.o
 .debug_ranges  0x00000758       0x40 ..\obj\video.o

.debug_line     0x00000000     0x2d5b
 .debug_line    0x00000000       0xac ..\obj\startup_stm32f4xx.o
 .debug_line    0x000000ac      0x25f ..\obj\sys.o
 .debug_line    0x0000030b      0x1db ..\obj\main.o
 .debug_line    0x000004e6      0x5ad ..\obj\stm32f4xx_rcc.o
 .debug_line    0x00000a93      0x368 ..\obj\stm32f4xx_gpio.o
 .debug_line    0x00000dfb      0x223 ..\obj\system_stm32f4xx.o
 .debug_line    0x0000101e      0x432 ..\obj\stm32f4xx_dma.o
 .debug_line    0x00001450       0x65 ..\obj\font5x7.o
 .debug_line    0x000014b5      0x461 ..\obj\stm32f4xx_spi.o
 .debug_line    0x00001916      0x3cb ..\obj\gdi.o
 .debug_line    0x00001ce1      0x246 ..\obj\misc.o
 .debug_line    0x00001f27      0xac9 ..\obj\stm32f4xx_tim.o
 .debug_line    0x000029f0      0x36b ..\obj\video.o

.debug_str      0x00000000     0x2a06
 .debug_str     0x00000000      0x140 ..\obj\startup_stm32f4xx.o
                                0x152 (size before relaxing)
 .debug_str     0x00000140      0x72c ..\obj\sys.o
                                0x815 (size before relaxing)
 .debug_str     0x0000086c       0x77 ..\obj\main.o
                                0x1cd (size before relaxing)
 .debug_str     0x000008e3      0x66d ..\obj\stm32f4xx_rcc.o
                                0x84a (size before relaxing)
 .debug_str     0x00000f50      0x322 ..\obj\stm32f4xx_gpio.o
                                0x49d (size before relaxing)
 .debug_str     0x00001272       0xae ..\obj\system_stm32f4xx.o
                                0x3a4 (size before relaxing)
 .debug_str     0x00001320      0x391 ..\obj\stm32f4xx_dma.o
                                0x53c (size before relaxing)
 .debug_str     0x000016b1       0x45 ..\obj\font5x7.o
                                0x107 (size before relaxing)
 .debug_str     0x000016f6      0x3b4 ..\obj\stm32f4xx_spi.o
                                0x684 (size before relaxing)
 .debug_str     0x00001aaa      0x114 ..\obj\gdi.o
                                0x29f (size before relaxing)
 .debug_str     0x00001bbe      0x17e ..\obj\misc.o
                                0x3c8 (size before relaxing)
 .debug_str     0x00001d3c      0xb6f ..\obj\stm32f4xx_tim.o
                                0xdca (size before relaxing)
 .debug_str     0x000028ab      0x15b ..\obj\video.o
                                0xdab (size before relaxing)

.comment        0x00000000       0x6e
 .comment       0x00000000       0x6e ..\obj\startup_stm32f4xx.o
                                 0x6f (size before relaxing)
 .comment       0x0000006e       0x6f ..\obj\sys.o
 .comment       0x0000006e       0x6f ..\obj\main.o
 .comment       0x0000006e       0x6f ..\obj\stm32f4xx_rcc.o
 .comment       0x0000006e       0x6f ..\obj\stm32f4xx_gpio.o
 .comment       0x0000006e       0x6f ..\obj\system_stm32f4xx.o
 .comment       0x0000006e       0x6f ..\obj\stm32f4xx_dma.o
 .comment       0x0000006e       0x6f ..\obj\font5x7.o
 .comment       0x0000006e       0x6f ..\obj\stm32f4xx_spi.o
 .comment       0x0000006e       0x6f ..\obj\gdi.o
 .comment       0x0000006e       0x6f ..\obj\misc.o
 .comment       0x0000006e       0x6f ..\obj\stm32f4xx_tim.o
 .comment       0x0000006e       0x6f ..\obj\video.o

.ARM.attributes
                0x00000000       0x33
 .ARM.attributes
                0x00000000       0x33 ..\obj\startup_stm32f4xx.o
 .ARM.attributes
                0x00000033       0x33 ..\obj\sys.o
 .ARM.attributes
                0x00000066       0x33 ..\obj\main.o
 .ARM.attributes
                0x00000099       0x33 ..\obj\stm32f4xx_rcc.o
 .ARM.attributes
                0x000000cc       0x33 ..\obj\stm32f4xx_gpio.o
 .ARM.attributes
                0x000000ff       0x33 ..\obj\system_stm32f4xx.o
 .ARM.attributes
                0x00000132       0x33 ..\obj\stm32f4xx_dma.o
 .ARM.attributes
                0x00000165       0x33 ..\obj\font5x7.o
 .ARM.attributes
                0x00000198       0x33 ..\obj\stm32f4xx_spi.o
 .ARM.attributes
                0x000001cb       0x33 ..\obj\gdi.o
 .ARM.attributes
                0x000001fe       0x33 ..\obj\misc.o
 .ARM.attributes
                0x00000231       0x33 ..\obj\stm32f4xx_tim.o
 .ARM.attributes
                0x00000264       0x33 ..\obj\video.o

.debug_frame    0x00000000     0x2420
 .debug_frame   0x00000000       0x4c ..\obj\startup_stm32f4xx.o
 .debug_frame   0x0000004c       0xe4 ..\obj\sys.o
 .debug_frame   0x00000130       0x6c ..\obj\main.o
 .debug_frame   0x0000019c      0x6d4 ..\obj\stm32f4xx_rcc.o
 .debug_frame   0x00000870      0x23c ..\obj\stm32f4xx_gpio.o
 .debug_frame   0x00000aac       0x7c ..\obj\system_stm32f4xx.o
 .debug_frame   0x00000b28      0x308 ..\obj\stm32f4xx_dma.o
 .debug_frame   0x00000e30      0x3f4 ..\obj\stm32f4xx_spi.o
 .debug_frame   0x00001224      0x1c8 ..\obj\gdi.o
 .debug_frame   0x000013ec       0xd8 ..\obj\misc.o
 .debug_frame   0x000014c4      0xe54 ..\obj\stm32f4xx_tim.o
 .debug_frame   0x00002318      0x108 ..\obj\video.o
